[mxs] SWEEP32 bender=0 bank=0 SUB=48640 A_local=64 d=171 Rf=48704 Rs=48875 rows[48704..48875]
[platform] BITSTREAM_IMEM in effect: 2048 (compile-time default)
[platform] PIM_RECV_TIMEOUT_MS in effect: 30000
[mxs] m3_32_ZZ       X= 3 ns=32 nf= 0 t=0,0  strict=2048/2048 soft95=2048 mean=100.00%  jmaj=100.00% jmin=100.00% (96 runs)
[mxs] m3_32_BAL      X= 3 ns=32 nf= 0 t=0,0  strict=2048/2048 soft95=2048 mean=100.00%  jmaj=100.00% jmin=100.00% (96 runs)
[mxs] m3_32_t12      X= 3 ns=32 nf= 0 t=1,2  strict=   0/2048 soft95=   0 mean=  6.25%  jmaj=  0.00% jmin=100.00% (96 runs)
[mxs] m5_32_ZZ       X= 5 ns=32 nf= 0 t=0,0  strict=1023/2048 soft95=1039 mean= 72.79%  jmaj= 53.35% jmin=100.00% (96 runs)
[mxs] m5_32_BAL      X= 5 ns=32 nf= 0 t=0,0  strict=1573/2048 soft95=1715 mean= 97.33%  jmaj= 97.49% jmin= 98.49% (96 runs)
[mxs] m5_32_ZZ_t12   X= 5 ns=32 nf= 0 t=1,2  strict=   0/2048 soft95=   0 mean=  6.25%  jmaj=  0.00% jmin=100.00% (96 runs)
[mxs] m7_32_2O2Z     X= 7 ns=32 nf= 0 t=0,0  strict=   3/2048 soft95=   4 mean= 19.08%  jmaj= 55.66% jmin= 19.76% (96 runs)
[mxs] m7_32_2O2Z_t12 X= 7 ns=32 nf= 0 t=1,2  strict=   0/2048 soft95=   0 mean=  6.25%  jmaj=100.00% jmin=  0.00% (96 runs)
[mxs] m7_32_ZZZZ     X= 7 ns=32 nf= 0 t=0,0  strict= 789/2048 soft95= 812 mean= 55.27%  jmaj= 40.00% jmin=100.00% (96 runs)
[mxs] m7_32_1O3Z     X= 7 ns=32 nf= 0 t=0,0  strict= 813/2048 soft95= 852 mean= 57.78%  jmaj= 48.37% jmin= 97.73% (96 runs)
[mxs] m7_32_3O1Z     X= 7 ns=32 nf= 0 t=0,0  strict=   0/2048 soft95=   0 mean=  6.08%  jmaj= 97.30% jmin=  0.00% (96 runs)
[mxs] m9_32_2O3Z     X= 9 ns=32 nf= 0 t=0,0  strict=   2/2048 soft95=   2 mean= 15.25%  jmaj= 48.25% jmin= 30.18% (96 runs)
[mxs] m9_32_3O2Z     X= 9 ns=32 nf= 0 t=0,0  strict=   0/2048 soft95=   0 mean=  3.62%  jmaj= 57.71% jmin=  0.00% (96 runs)
[mxs] m9_32_2O3Z_t12 X= 9 ns=32 nf= 0 t=1,2  strict=   0/2048 soft95=   0 mean=  6.25%  jmaj=100.00% jmin=  0.00% (96 runs)
[mxs] m9_32_Z5       X= 9 ns=32 nf= 0 t=0,0  strict=   8/2048 soft95=  25 mean= 22.75%  jmaj= 11.47% jmin=100.00% (96 runs)
[mxs] m11_32_5O5Z    X=11 ns=32 nf= 0 t=0,0  strict=   0/2048 soft95=   0 mean=  3.08%  jmaj= 48.81% jmin=  0.08% (96 runs)
[mxs] m11_32_4O6Z    X=11 ns=32 nf= 0 t=0,0  strict=   0/2048 soft95=   2 mean= 16.17%  jmaj= 33.52% jmin= 35.43% (96 runs)
[mxs] m11_32_6O4Z    X=11 ns=32 nf= 0 t=0,0  strict=   0/2048 soft95=   0 mean=  3.62%  jmaj= 57.89% jmin=  0.00% (96 runs)
[mxs] m15_32_1O1Z    X=15 ns=32 nf= 0 t=0,0  strict=   0/2048 soft95=   0 mean=  3.29%  jmaj= 48.49% jmin=  0.12% (96 runs)
[mxs] m15_32_ZZ      X=15 ns=32 nf= 0 t=0,0  strict=   0/2048 soft95=   1 mean= 17.20%  jmaj= 41.24% jmin= 31.58% (96 runs)
[mxs] m15_32_OO      X=15 ns=32 nf= 0 t=0,0  strict=   0/2048 soft95=   0 mean=  3.46%  jmaj= 55.40% jmin=  0.00% (96 runs)
[mxs] DONE
