[mxs] bender=0 bank=0 s_id=72 Rf=45340 Rs=45823 calib=calib_dimm2.txt mode=sweep n_rand=12 trials=6
[platform] BITSTREAM_IMEM in effect: 2048 (compile-time default)
[platform] PIM_RECV_TIMEOUT_MS in effect: 30000
[mxs] m3_Z0      X= 3 nf= 0 tf=0  strict=2043/2048 soft95=2046 mean= 99.98%  jmaj= 99.93% jmin=100.00% (96 runs)
[mxs] m3_O0      X= 3 nf= 0 tf=0  strict=2043/2048 soft95=2044 mean= 99.99%  jmaj=100.00% jmin=100.00% (96 runs)
[mxs] m3_simra   X= 3 nf= 3 tf=0  strict=2048/2048 soft95=2048 mean=100.00%  jmaj=100.00% jmin=100.00% (96 runs)
[mxs] m5_Z0      X= 5 nf= 0 tf=0  strict= 968/2048 soft95= 984 mean= 66.14%  jmaj= 56.21% jmin= 99.85% (96 runs)
[mxs] m5_Z2      X= 5 nf= 2 tf=0  strict= 250/2048 soft95= 374 mean= 81.12%  jmaj= 78.84% jmin= 72.05% (96 runs)
[mxs] m5_simra   X= 5 nf= 3 tf=0  strict= 184/2048 soft95= 277 mean= 74.16%  jmaj= 84.51% jmin= 58.81% (96 runs)
[mxs] m7_ZZ      X= 7 nf= 0 tf=0  strict= 693/2048 soft95= 747 mean= 56.03%  jmaj= 36.82% jmin= 99.95% (96 runs)
[mxs] m7_OO      X= 7 nf= 0 tf=0  strict=   0/2048 soft95=   0 mean=  6.25%  jmaj= 99.96% jmin=  0.00% (96 runs)
[mxs] m7_BAL     X= 7 nf= 0 tf=0  strict=   1/2048 soft95=   1 mean= 15.20%  jmaj= 52.56% jmin= 38.33% (96 runs)
[mxs] m7_LAB     X= 7 nf= 0 tf=0  strict=   0/2048 soft95=   0 mean=  5.19%  jmaj= 49.38% jmin=  2.66% (96 runs)
[mxs] m7_FF2     X= 7 nf= 2 tf=0  strict=   0/2048 soft95=   0 mean=  6.63%  jmaj= 54.83% jmin= 13.20% (96 runs)
[mxs] m7_FF3     X= 7 nf= 3 tf=0  strict=   0/2048 soft95=   0 mean= 10.35%  jmaj= 52.72% jmin= 25.66% (96 runs)
[mxs] m9_4O      X= 9 nf= 0 tf=0  strict=   0/2048 soft95=   0 mean=  3.29%  jmaj= 52.60% jmin=  0.00% (96 runs)
[mxs] m9_3O      X= 9 nf= 0 tf=0  strict=   0/2048 soft95=   0 mean=  7.42%  jmaj= 28.70% jmin= 30.60% (96 runs)
[mxs] m9_3O_OF1  X= 9 nf= 1 tf=0  strict=   0/2048 soft95=   0 mean=  3.15%  jmaj= 50.47% jmin=  0.00% (96 runs)
[mxs] m9_3O_OF2  X= 9 nf= 2 tf=0  strict=   0/2048 soft95=   0 mean=  3.02%  jmaj= 48.13% jmin=  0.08% (96 runs)
[mxs] m9_3O_OF3  X= 9 nf= 3 tf=0  strict=   0/2048 soft95=   0 mean=  2.98%  jmaj= 47.30% jmin=  0.37% (96 runs)
[mxs] m9_3O_OF6  X= 9 nf= 6 tf=0  strict=   0/2048 soft95=   0 mean=  2.99%  jmaj= 47.28% jmin=  0.46% (96 runs)
[mxs] m9_3O_ZF2  X= 9 nf= 2 tf=0  strict=   0/2048 soft95=   0 mean=  2.97%  jmaj= 46.46% jmin=  0.86% (96 runs)
[mxs] m9_3O_ZF4  X= 9 nf= 4 tf=0  strict=   0/2048 soft95=   0 mean=  2.95%  jmaj= 46.75% jmin=  0.35% (96 runs)
[mxs] m9_3O_ZF8  X= 9 nf= 8 tf=0  strict=   0/2048 soft95=   0 mean=  2.95%  jmaj= 46.95% jmin=  0.24% (96 runs)
[mxs] m15_Z0     X=15 nf= 0 tf=0  strict=   0/2048 soft95=   0 mean=  6.65%  jmaj= 27.19% jmin= 49.95% (96 runs)
[mxs] m15_O0     X=15 nf= 0 tf=0  strict=   0/2048 soft95=   0 mean=  5.12%  jmaj= 68.85% jmin= 13.10% (96 runs)
[mxs] m15_OF1    X=15 nf= 1 tf=0  strict=   0/2048 soft95=   0 mean=  5.41%  jmaj= 45.80% jmin= 40.57% (96 runs)
[mxs] m15_OF2    X=15 nf= 2 tf=0  strict=   0/2048 soft95=   0 mean=  5.35%  jmaj= 39.56% jmin= 45.37% (96 runs)
[mxs] m15_OF3    X=15 nf= 3 tf=0  strict=   0/2048 soft95=   0 mean=  5.25%  jmaj= 37.27% jmin= 45.91% (96 runs)
[mxs] m15_OF4    X=15 nf= 4 tf=0  strict=   0/2048 soft95=   0 mean=  5.17%  jmaj= 35.75% jmin= 46.02% (96 runs)
[mxs] m15_OF6    X=15 nf= 6 tf=0  strict=   0/2048 soft95=   0 mean=  5.16%  jmaj= 34.97% jmin= 46.72% (96 runs)
[mxs] m15_OF8    X=15 nf= 8 tf=0  strict=   0/2048 soft95=   0 mean=  5.19%  jmaj= 35.86% jmin= 46.21% (96 runs)
[mxs] m15_OF12   X=15 nf=12 tf=0  strict=   0/2048 soft95=   0 mean=  5.11%  jmaj= 34.72% jmin= 46.03% (96 runs)
[mxs] m15_ZF2    X=15 nf= 2 tf=0  strict=   0/2048 soft95=   0 mean=  5.07%  jmaj= 32.51% jmin= 47.17% (96 runs)
[mxs] m15_ZF4    X=15 nf= 4 tf=0  strict=   0/2048 soft95=   0 mean=  5.14%  jmaj= 34.62% jmin= 46.70% (96 runs)
[mxs] m15_ZF6    X=15 nf= 6 tf=0  strict=   0/2048 soft95=   0 mean=  5.15%  jmaj= 35.03% jmin= 46.64% (96 runs)
[mxs] m15_ZF8    X=15 nf= 8 tf=0  strict=   0/2048 soft95=   0 mean=  5.12%  jmaj= 35.18% jmin= 45.96% (96 runs)
[mxs] m15_ZF12   X=15 nf=12 tf=0  strict=   0/2048 soft95=   0 mean=  5.14%  jmaj= 35.11% jmin= 46.28% (96 runs)
[mxs] m15_ZF16   X=15 nf=16 tf=0  strict=   0/2048 soft95=   0 mean=  5.15%  jmaj= 35.01% jmin= 46.44% (96 runs)
[mxs] DONE
