[mxs] bender=2 bank=0 s_id=86 Rf=54423 Rs=54474 calib=calib_maj5_dimm2.txt mode=sweep n_rand=12 trials=6
[platform] BITSTREAM_IMEM in effect: 2048 (compile-time default)
[platform] PIM_RECV_TIMEOUT_MS in effect: 30000
[mxs] m3_Z0      X= 3 nf= 0 tf=0  strict=2048/2048 soft95=2048 mean=100.00%  jmaj=100.00% jmin=100.00% (96 runs)
[mxs] m3_O0      X= 3 nf= 0 tf=0  strict=2048/2048 soft95=2048 mean=100.00%  jmaj=100.00% jmin=100.00% (96 runs)
[mxs] m3_simra   X= 3 nf= 3 tf=0  strict=2048/2048 soft95=2048 mean=100.00%  jmaj=100.00% jmin=100.00% (96 runs)
[mxs] m5_Z0      X= 5 nf= 0 tf=0  strict=1111/2048 soft95=1169 mean= 83.45%  jmaj= 61.02% jmin=100.00% (96 runs)
[mxs] m5_Z2      X= 5 nf= 2 tf=0  strict=1958/2048 soft95=1996 mean= 99.67%  jmaj= 99.15% jmin= 99.89% (96 runs)
[mxs] m5_simra   X= 5 nf= 3 tf=0  strict=1909/2048 soft95=1971 mean= 99.50%  jmaj= 99.89% jmin= 99.75% (96 runs)
[mxs] m7_ZZ      X= 7 nf= 0 tf=0  strict= 737/2048 soft95= 818 mean= 56.26%  jmaj= 43.37% jmin=100.00% (96 runs)
[mxs] m7_OO      X= 7 nf= 0 tf=0  strict=   0/2048 soft95=   0 mean=  6.25%  jmaj=100.00% jmin=  0.00% (96 runs)
[mxs] m7_BAL     X= 7 nf= 0 tf=0  strict=  11/2048 soft95=  25 mean= 38.20%  jmaj= 57.45% jmin= 31.38% (96 runs)
[mxs] m7_LAB     X= 7 nf= 0 tf=0  strict=   2/2048 soft95=  10 mean= 32.11%  jmaj= 60.07% jmin= 17.19% (96 runs)
[mxs] m7_FF2     X= 7 nf= 2 tf=0  strict=   0/2048 soft95=   1 mean= 29.55%  jmaj= 79.61% jmin= 14.15% (96 runs)
[mxs] m7_FF3     X= 7 nf= 3 tf=0  strict=   7/2048 soft95=  24 mean= 43.30%  jmaj= 71.44% jmin= 30.47% (96 runs)
[mxs] m9_4O      X= 9 nf= 0 tf=0  strict=   0/2048 soft95=   0 mean=  3.66%  jmaj= 58.50% jmin=  0.00% (96 runs)
[mxs] m9_3O      X= 9 nf= 0 tf=0  strict=   5/2048 soft95=  15 mean= 24.80%  jmaj= 40.93% jmin= 25.51% (96 runs)
[mxs] m9_3O_OF1  X= 9 nf= 1 tf=0  strict=   0/2048 soft95=   0 mean=  3.02%  jmaj= 48.39% jmin=  0.00% (96 runs)
[mxs] m9_3O_OF2  X= 9 nf= 2 tf=0  strict=   0/2048 soft95=   0 mean=  3.04%  jmaj= 48.24% jmin=  0.00% (96 runs)
[mxs] m9_3O_OF3  X= 9 nf= 3 tf=0  strict=   0/2048 soft95=   0 mean=  3.06%  jmaj= 48.24% jmin=  0.00% (96 runs)
[mxs] m9_3O_OF6  X= 9 nf= 6 tf=0  strict=   0/2048 soft95=   0 mean=  3.07%  jmaj= 48.24% jmin=  0.00% (96 runs)
[mxs] m9_3O_ZF2  X= 9 nf= 2 tf=0  strict=   0/2048 soft95=   0 mean=  3.15%  jmaj= 48.22% jmin=  0.00% (96 runs)
[mxs] m9_3O_ZF4  X= 9 nf= 4 tf=0  strict=   0/2048 soft95=   0 mean=  3.09%  jmaj= 48.23% jmin=  0.00% (96 runs)
[mxs] m9_3O_ZF8  X= 9 nf= 8 tf=0  strict=   0/2048 soft95=   0 mean=  3.07%  jmaj= 48.24% jmin=  0.00% (96 runs)
[mxs] m15_Z0     X=15 nf= 0 tf=0  strict=   2/2048 soft95=   7 mean= 27.02%  jmaj= 35.53% jmin= 36.49% (96 runs)
[mxs] m15_O0     X=15 nf= 0 tf=0  strict=   0/2048 soft95=   0 mean=  3.82%  jmaj= 61.02% jmin=  0.00% (96 runs)
[mxs] m15_OF1    X=15 nf= 1 tf=0  strict=   0/2048 soft95=   0 mean=  3.28%  jmaj= 48.46% jmin=  0.00% (96 runs)
[mxs] m15_OF2    X=15 nf= 2 tf=0  strict=   0/2048 soft95=   0 mean=  3.45%  jmaj= 48.19% jmin=  0.00% (96 runs)
[mxs] m15_OF3    X=15 nf= 3 tf=0  strict=   0/2048 soft95=   0 mean=  3.53%  jmaj= 48.16% jmin=  0.05% (96 runs)
[mxs] m15_OF4    X=15 nf= 4 tf=0  strict=   0/2048 soft95=   0 mean=  3.55%  jmaj= 48.08% jmin=  0.00% (96 runs)
[mxs] m15_OF6    X=15 nf= 6 tf=0  strict=   0/2048 soft95=   0 mean=  3.56%  jmaj= 48.08% jmin=  0.00% (96 runs)
[mxs] m15_OF8    X=15 nf= 8 tf=0  strict=   0/2048 soft95=   0 mean=  3.55%  jmaj= 48.06% jmin=  0.05% (96 runs)
[mxs] m15_OF12   X=15 nf=12 tf=0  strict=   0/2048 soft95=   0 mean=  3.55%  jmaj= 48.05% jmin=  0.00% (96 runs)
[mxs] m15_ZF2    X=15 nf= 2 tf=0  strict=   0/2048 soft95=   0 mean=  3.70%  jmaj= 47.97% jmin=  0.07% (96 runs)
[mxs] m15_ZF4    X=15 nf= 4 tf=0  strict=   0/2048 soft95=   0 mean=  3.59%  jmaj= 48.03% jmin=  0.00% (96 runs)
[mxs] m15_ZF6    X=15 nf= 6 tf=0  strict=   0/2048 soft95=   0 mean=  3.54%  jmaj= 48.06% jmin=  0.10% (96 runs)
[mxs] m15_ZF8    X=15 nf= 8 tf=0  strict=   0/2048 soft95=   0 mean=  3.55%  jmaj= 48.11% jmin=  0.00% (96 runs)
[mxs] m15_ZF12   X=15 nf=12 tf=0  strict=   0/2048 soft95=   0 mean=  3.53%  jmaj= 48.05% jmin=  0.00% (96 runs)
[mxs] m15_ZF16   X=15 nf=16 tf=0  strict=   0/2048 soft95=   0 mean=  3.54%  jmaj= 48.08% jmin=  0.00% (96 runs)
[mxs] DONE
