[arms] batch A: loaded 80 1-round handles in 0.2s
[arms] verify pass 'post-load': 80 handles, 19 with y-mismatch (0.7s) worst=2039
[arms] verify pass 'post-treatment': 80 handles, 60 with y-mismatch (0.7s) worst=2042
[arms]    h  pass1  pass2  (segs/8192 differ; 0 = clean; batch-B handles have no pass1)
[arms]    1      0   6876
[arms]    2      0   6938
[arms]    3      0   6842
[arms]    4      0   6939
[arms]    5      0   6905
[arms]    6      0   6960
[arms]    7      0   6824
[arms]    8      0   6864
[arms]    9      0   6880
[arms]   10      0   6914
[arms]   11      0   6812
[arms]   12      0   6964
[arms]   13      0   6929
[arms]   14      0   6911
[arms]   15      0   6848
[arms]   16      0   6948
[arms]   17      0   6984
[arms]   18      0   6950
[arms]   19      0   6882
[arms]   20      0   6960
[arms]   21      0   6921
[arms]   22      0   6880
[arms]   23      0   6878
[arms]   24      0   6897
[arms]   34      0   6789
[arms]   35      0   6921
[arms]   47      0   6904
[arms]   48      0   6908
[arms]   49      0   6936
[arms]   50      0   6848
[arms]   51      0   6865
[arms]   52      0   6905
[arms]   53      0   6933
[arms]   54      0   6916
[arms]   55      0   6790
[arms]   56      0   6892
[arms]   57      0   6931
[arms]   58      0   6931
[arms]   59      0   6873
[arms]   60      0   6913
[arms]   61      0   6930
[arms]   62      0   1815
[arms]   63      0   2923
[arms]   64   6917   6915
[arms]   65      0   2874
[arms]   66      0   2501
[arms]   67      0   3086
[arms]   68   6919   6919
[arms]   69      0   2937
[arms]   70      0   2331
[arms]   71      0   2935
[arms]   72   6924   6924
[arms]   73      0   2917
[arms]   74   6842   6842
[arms]   75   6946   6946
[arms]   76   6957   6957
[arms]   77   6908   6908
[arms]   78      0   2163
[arms]   79      0   2936
[arms]   80   6933   6933
[arms] RESULT arm=none fused=? refresh=1(dflt) loadsA=80 loadsB=0: 52/80 batch-A handles transitioned (>50 segs growth); dirty-pass2 handles=60 median-level=6904/8192; y-mismatch p1=19 p2=60
