[arms] batch A: loaded 80 1-round handles in 0.2s
[arms] verify pass 'post-load': 80 handles, 19 with y-mismatch (0.7s) worst=2041
[arms] idling 300s...
[arms] verify pass 'post-treatment': 80 handles, 80 with y-mismatch (0.7s) worst=2041
[arms]    h  pass1  pass2  (segs/8192 differ; 0 = clean; batch-B handles have no pass1)
[arms]    1      0   6871
[arms]    2      0   6932
[arms]    3      0   6832
[arms]    4      0   6926
[arms]    5      0   6917
[arms]    6      0   6912
[arms]    7      0   6833
[arms]    8      0   6840
[arms]    9      0   6854
[arms]   10      0   6874
[arms]   11      0   6820
[arms]   12      0   6945
[arms]   13      0   6916
[arms]   14      0   6897
[arms]   15      0   6846
[arms]   16      0   6947
[arms]   17      0   6974
[arms]   18      0   6929
[arms]   19      0   6889
[arms]   20      0   6941
[arms]   21      0   6925
[arms]   22      0   6894
[arms]   23      0   6891
[arms]   24      0   6894
[arms]   25      0    593
[arms]   26      0    641
[arms]   27      0    559
[arms]   28      0    577
[arms]   29      0    567
[arms]   30      0    598
[arms]   31      0    600
[arms]   32      0    624
[arms]   33      0    617
[arms]   34      0   6817
[arms]   35      0   6915
[arms]   36      0    595
[arms]   37      0    584
[arms]   38      0    611
[arms]   39      0    593
[arms]   40      0    602
[arms]   41      0    588
[arms]   42      0    652
[arms]   43      0    597
[arms]   44      0    622
[arms]   45      0    580
[arms]   46      0    617
[arms]   47      0   6875
[arms]   48      0   6900
[arms]   49      0   6906
[arms]   50      0   6835
[arms]   51      0   6868
[arms]   52      0   6912
[arms]   53      0   6891
[arms]   54      0   6908
[arms]   55      0   6818
[arms]   56      0   6892
[arms]   57      0   6922
[arms]   58      0   6878
[arms]   59      0   6900
[arms]   60      0   6907
[arms]   61      0   6905
[arms]   62      0   1938
[arms]   63      0   3010
[arms]   64   6865   6881
[arms]   65      0   2866
[arms]   66      0   2529
[arms]   67      0   3262
[arms]   68   6911   6922
[arms]   69      0   2996
[arms]   70      0   2328
[arms]   71      0   2993
[arms]   72   6928   6915
[arms]   73      0   2896
[arms]   74   6837   6849
[arms]   75   6932   6938
[arms]   76   6898   6898
[arms]   77   6898   6889
[arms]   78      0   2245
[arms]   79      0   3015
[arms]   80   6926   6911
[arms] RESULT arm=idle fused=? refresh=1(dflt) loadsA=80 loadsB=0: 72/80 batch-A handles transitioned (>50 segs growth); dirty-pass2 handles=80 median-level=6852/8192; y-mismatch p1=19 p2=80
