[arms] batch A: loaded 80 1-round handles in 0.2s
[arms] verify pass 'post-load': 80 handles, 19 with y-mismatch (0.7s) worst=2040
[arms] batch B: loaded 220 1-round handles in 0.5s
[arms] verify pass 'post-treatment': 300 handles, 215 with y-mismatch (2.4s) worst=2041
[arms]    h  pass1  pass2  (segs/8192 differ; 0 = clean; batch-B handles have no pass1)
[arms]    1      0   6888
[arms]    2      0   6922
[arms]    3      0   6833
[arms]    4      0   6935
[arms]    5      0   6885
[arms]    6      0   6914
[arms]    7      0   6827
[arms]    8      0   6862
[arms]    9      0   6849
[arms]   10      0   6892
[arms]   11      0   6823
[arms]   12      0   6937
[arms]   13      0   6905
[arms]   14      0   6903
[arms]   15      0   6829
[arms]   16      0   6941
[arms]   17      0   6958
[arms]   18      0   6927
[arms]   19      0   6881
[arms]   20      0   6928
[arms]   21      0   6921
[arms]   22      0   6848
[arms]   23      0   6854
[arms]   24      0   6886
[arms]   34      0   6802
[arms]   35      0   6905
[arms]   47      0   6885
[arms]   48      0   6902
[arms]   49      0   6894
[arms]   50      0   6826
[arms]   51      0   6852
[arms]   52      0   6901
[arms]   53      0   6890
[arms]   54      0   6911
[arms]   55      0   6803
[arms]   56      0   6880
[arms]   57      0   6920
[arms]   58      0   6868
[arms]   59      0   6882
[arms]   60      0   6896
[arms]   61      0   6910
[arms]   62      0   1428
[arms]   63      0   2662
[arms]   64   6875   6882
[arms]   65      0   2566
[arms]   66      0   2178
[arms]   67      0   2919
[arms]   68   6911   6911
[arms]   69      0   2659
[arms]   70      0   1923
[arms]   71      0   2668
[arms]   72   6927   6927
[arms]   73      0   2591
[arms]   74   6839   6839
[arms]   75   6937   6937
[arms]   76   6914   6914
[arms]   77   6889   6889
[arms]   78      0   1851
[arms]   79      0   2681
[arms]   80   6926   6926
[arms]   84      B   6962
[arms]   88      B   6958
[arms]   90      B   6874
[arms]   91      B   6979
[arms]   92      B   6988
[arms]   93      B   6972
[arms]   96      B   6925
[arms]  100      B   6976
[arms]  104      B   6992
[arms]  106      B   6885
[arms]  107      B   6921
[arms]  108      B   6884
[arms]  109      B   6897
[arms]  127      B   6876
[arms]  131      B   6938
[arms]  135      B   6978
[arms]  137      B   6881
[arms]  138      B   6910
[arms]  139      B   6925
[arms]  140      B   6946
[arms]  143      B   6961
[arms]  147      B   6901
[arms]  151      B   6936
[arms]  153      B   6905
[arms]  154      B   6978
[arms]  155      B   6973
[arms]  156      B   6946
[arms]  159      B   6917
[arms]  163      B   6968
[arms]  167      B   6930
[arms]  169      B   6901
[arms]  170      B   6977
[arms]  171      B   6932
[arms]  172      B   6968
[arms]  188      B   6905
[arms]  192      B   6948
[arms]  196      B   6868
[arms]  198      B   6795
[arms]  199      B   6862
[arms]  200      B   6949
[arms]  201      B   6892
[arms]  204      B   6876
[arms]  208      B   6906
[arms]  212      B   6980
[arms]  214      B   6887
[arms]  215      B   6944
[arms]  216      B   6966
[arms]  217      B   6958
[arms]  220      B   6900
[arms]  224      B   6944
[arms]  228      B   6941
[arms]  230      B   6956
[arms]  231      B   6932
[arms]  249      B   6895
[arms]  253      B   6900
[arms]  257      B   6985
[arms]  259      B   6897
[arms]  260      B   6953
[arms]  261      B   6847
[arms]  262      B   6902
[arms]  265      B   6881
[arms]  269      B   6948
[arms]  273      B   6957
[arms]  275      B   6875
[arms]  276      B   6960
[arms]  277      B   6945
[arms]  278      B   6972
[arms] RESULT arm=none fused=? refresh=0 loadsA=80 loadsB=220: 52/80 batch-A handles transitioned (>50 segs growth); dirty-pass2 handles=127 median-level=6905/8192; y-mismatch p1=19 p2=215
