[arms] batch A: loaded 80 1-round handles in 0.2s
[arms] verify pass 'post-load': 80 handles, 19 with y-mismatch (0.7s) worst=2039
[arms] batch B: loaded 220 1-round handles in 0.6s
[arms] verify pass 'post-treatment': 300 handles, 215 with y-mismatch (2.7s) worst=2042
[arms]    h  pass1  pass2  (segs/8192 differ; 0 = clean; batch-B handles have no pass1)
[arms]    1      0   6868
[arms]    2      0   6930
[arms]    3      0   6831
[arms]    4      0   6943
[arms]    5      0   6896
[arms]    6      0   6937
[arms]    7      0   6831
[arms]    8      0   6863
[arms]    9      0   6856
[arms]   10      0   6898
[arms]   11      0   6796
[arms]   12      0   6946
[arms]   13      0   6917
[arms]   14      0   6904
[arms]   15      0   6839
[arms]   16      0   6926
[arms]   17      0   6969
[arms]   18      0   6917
[arms]   19      0   6889
[arms]   20      0   6935
[arms]   21      0   6906
[arms]   22      0   6862
[arms]   23      0   6850
[arms]   24      0   6887
[arms]   34      0   6791
[arms]   35      0   6904
[arms]   47      0   6881
[arms]   48      0   6893
[arms]   49      0   6908
[arms]   50      0   6818
[arms]   51      0   6862
[arms]   52      0   6901
[arms]   53      0   6906
[arms]   54      0   6913
[arms]   55      0   6806
[arms]   56      0   6875
[arms]   57      0   6935
[arms]   58      0   6893
[arms]   59      0   6878
[arms]   60      0   6897
[arms]   61      0   6914
[arms]   62      0   1512
[arms]   63      0   2718
[arms]   64   6891   6894
[arms]   65      0   2628
[arms]   66      0   2220
[arms]   67      0   2953
[arms]   68   6908   6908
[arms]   69      0   2697
[arms]   70      0   1959
[arms]   71      0   2726
[arms]   72   6915   6915
[arms]   73      0   2658
[arms]   74   6832   6832
[arms]   75   6933   6933
[arms]   76   6906   6906
[arms]   77   6908   6908
[arms]   78      0   1805
[arms]   79      0   2687
[arms]   80   6916   6916
[arms]   84      B   6969
[arms]   88      B   6953
[arms]   90      B   6873
[arms]   91      B   6996
[arms]   92      B   6987
[arms]   93      B   6996
[arms]   96      B   6927
[arms]  100      B   6983
[arms]  104      B   6989
[arms]  106      B   6872
[arms]  107      B   6933
[arms]  108      B   6889
[arms]  109      B   6923
[arms]  127      B   6880
[arms]  131      B   6937
[arms]  135      B   6971
[arms]  137      B   6898
[arms]  138      B   6919
[arms]  139      B   6934
[arms]  140      B   6949
[arms]  143      B   6958
[arms]  147      B   6912
[arms]  151      B   6952
[arms]  153      B   6910
[arms]  154      B   6996
[arms]  155      B   6988
[arms]  156      B   6947
[arms]  159      B   6917
[arms]  163      B   6968
[arms]  167      B   6937
[arms]  169      B   6901
[arms]  170      B   6992
[arms]  171      B   6939
[arms]  172      B   6979
[arms]  188      B   6885
[arms]  192      B   6964
[arms]  196      B   6904
[arms]  198      B   6793
[arms]  199      B   6884
[arms]  200      B   6931
[arms]  201      B   6894
[arms]  204      B   6879
[arms]  208      B   6916
[arms]  212      B   6997
[arms]  214      B   6896
[arms]  215      B   6960
[arms]  216      B   6983
[arms]  217      B   6974
[arms]  220      B   6903
[arms]  224      B   6935
[arms]  228      B   6944
[arms]  230      B   6973
[arms]  231      B   6933
[arms]  249      B   6921
[arms]  253      B   6901
[arms]  257      B   6995
[arms]  259      B   6888
[arms]  260      B   6946
[arms]  261      B   6850
[arms]  262      B   6891
[arms]  265      B   6897
[arms]  269      B   6961
[arms]  273      B   6961
[arms]  275      B   6899
[arms]  276      B   6991
[arms]  277      B   6948
[arms]  278      B   6992
[arms] RESULT arm=none fused=? refresh=1(dflt) loadsA=80 loadsB=220: 52/80 batch-A handles transitioned (>50 segs growth); dirty-pass2 handles=127 median-level=6908/8192; y-mismatch p1=19 p2=215
