Opened /dev/xdma0_h2c_0 -> 3
Opened /dev/xdma0_c2h_0 -> 4
Successfully reset the FPGA!
[rcrand] bender 0 bank 0 : 30000 random pairs, rows [0,65536), t_12=30, t_23 in {1,2}
[platform] BITSTREAM_IMEM in effect: 2048 (compile-time default)
[rcrand] 200/30000 pairs; clones=0 partial(>1000)=0 best=41/8192 (rA=12116,rB=41841)
[rcrand] 400/30000 pairs; clones=0 partial(>1000)=0 best=41/8192 (rA=12116,rB=41841)
[rcrand] 600/30000 pairs; clones=0 partial(>1000)=0 best=41/8192 (rA=12116,rB=41841)
[rcrand] 800/30000 pairs; clones=0 partial(>1000)=0 best=41/8192 (rA=12116,rB=41841)
[rcrand] 1000/30000 pairs; clones=0 partial(>1000)=0 best=41/8192 (rA=12116,rB=41841)
[rcrand] 1200/30000 pairs; clones=0 partial(>1000)=0 best=41/8192 (rA=12116,rB=41841)
[rcrand] 1400/30000 pairs; clones=0 partial(>1000)=0 best=41/8192 (rA=12116,rB=41841)
[rcrand] 1600/30000 pairs; clones=0 partial(>1000)=0 best=41/8192 (rA=12116,rB=41841)
[rcrand] 1800/30000 pairs; clones=0 partial(>1000)=0 best=43/8192 (rA=3555,rB=42094)
[rcrand] 2000/30000 pairs; clones=0 partial(>1000)=0 best=43/8192 (rA=3555,rB=42094)
[rcrand] 2200/30000 pairs; clones=0 partial(>1000)=0 best=43/8192 (rA=3555,rB=42094)
[rcrand] 2400/30000 pairs; clones=0 partial(>1000)=0 best=43/8192 (rA=3555,rB=42094)
[rcrand] 2600/30000 pairs; clones=0 partial(>1000)=0 best=43/8192 (rA=3555,rB=42094)
[rcrand] 2800/30000 pairs; clones=0 partial(>1000)=0 best=43/8192 (rA=3555,rB=42094)
[rcrand] 3000/30000 pairs; clones=0 partial(>1000)=0 best=43/8192 (rA=3555,rB=42094)
[rcrand] 3200/30000 pairs; clones=0 partial(>1000)=0 best=43/8192 (rA=3555,rB=42094)
[rcrand] 3400/30000 pairs; clones=0 partial(>1000)=0 best=43/8192 (rA=3555,rB=42094)
[rcrand] 3600/30000 pairs; clones=0 partial(>1000)=0 best=43/8192 (rA=3555,rB=42094)
[rcrand] 3800/30000 pairs; clones=0 partial(>1000)=0 best=43/8192 (rA=3555,rB=42094)
[rcrand] 4000/30000 pairs; clones=0 partial(>1000)=0 best=43/8192 (rA=3555,rB=42094)
[rcrand] 4200/30000 pairs; clones=0 partial(>1000)=0 best=43/8192 (rA=3555,rB=42094)
[rcrand] 4400/30000 pairs; clones=0 partial(>1000)=0 best=43/8192 (rA=3555,rB=42094)
[rcrand] 4600/30000 pairs; clones=0 partial(>1000)=0 best=43/8192 (rA=3555,rB=42094)
[rcrand] 4800/30000 pairs; clones=0 partial(>1000)=0 best=43/8192 (rA=3555,rB=42094)
[rcrand] 5000/30000 pairs; clones=0 partial(>1000)=0 best=43/8192 (rA=3555,rB=42094)
[rcrand] 5200/30000 pairs; clones=0 partial(>1000)=0 best=43/8192 (rA=3555,rB=42094)
[rcrand] 5400/30000 pairs; clones=0 partial(>1000)=0 best=43/8192 (rA=3555,rB=42094)
[rcrand] 5600/30000 pairs; clones=0 partial(>1000)=0 best=43/8192 (rA=3555,rB=42094)
[rcrand] 5800/30000 pairs; clones=0 partial(>1000)=0 best=43/8192 (rA=3555,rB=42094)
[rcrand] 6000/30000 pairs; clones=0 partial(>1000)=0 best=43/8192 (rA=3555,rB=42094)
[rcrand] 6200/30000 pairs; clones=0 partial(>1000)=0 best=43/8192 (rA=3555,rB=42094)
[rcrand] 6400/30000 pairs; clones=0 partial(>1000)=0 best=43/8192 (rA=3555,rB=42094)
[rcrand] 6600/30000 pairs; clones=0 partial(>1000)=0 best=43/8192 (rA=3555,rB=42094)
[rcrand] 6800/30000 pairs; clones=0 partial(>1000)=0 best=43/8192 (rA=3555,rB=42094)
[rcrand] 7000/30000 pairs; clones=0 partial(>1000)=0 best=43/8192 (rA=3555,rB=42094)
[rcrand] 7200/30000 pairs; clones=0 partial(>1000)=0 best=43/8192 (rA=3555,rB=42094)
[rcrand] 7400/30000 pairs; clones=0 partial(>1000)=0 best=43/8192 (rA=3555,rB=42094)
[rcrand] 7600/30000 pairs; clones=0 partial(>1000)=0 best=43/8192 (rA=3555,rB=42094)
[rcrand] 7800/30000 pairs; clones=0 partial(>1000)=0 best=43/8192 (rA=3555,rB=42094)
[rcrand] 8000/30000 pairs; clones=0 partial(>1000)=0 best=43/8192 (rA=3555,rB=42094)
[rcrand] 8200/30000 pairs; clones=0 partial(>1000)=0 best=43/8192 (rA=3555,rB=42094)
[rcrand] 8400/30000 pairs; clones=0 partial(>1000)=0 best=43/8192 (rA=3555,rB=42094)
[rcrand] 8600/30000 pairs; clones=0 partial(>1000)=0 best=43/8192 (rA=3555,rB=42094)
[rcrand] 8800/30000 pairs; clones=0 partial(>1000)=0 best=43/8192 (rA=3555,rB=42094)
[rcrand] 9000/30000 pairs; clones=0 partial(>1000)=0 best=43/8192 (rA=3555,rB=42094)
[rcrand] 9200/30000 pairs; clones=0 partial(>1000)=0 best=43/8192 (rA=3555,rB=42094)
[rcrand] 9400/30000 pairs; clones=0 partial(>1000)=0 best=44/8192 (rA=13913,rB=42208)
[rcrand] 9600/30000 pairs; clones=0 partial(>1000)=0 best=44/8192 (rA=13913,rB=42208)
[rcrand] 9800/30000 pairs; clones=0 partial(>1000)=0 best=44/8192 (rA=13913,rB=42208)
[rcrand] 10000/30000 pairs; clones=0 partial(>1000)=0 best=44/8192 (rA=13913,rB=42208)
[rcrand] 10200/30000 pairs; clones=0 partial(>1000)=0 best=44/8192 (rA=13913,rB=42208)
[rcrand] 10400/30000 pairs; clones=0 partial(>1000)=0 best=44/8192 (rA=13913,rB=42208)
[rcrand] 10600/30000 pairs; clones=0 partial(>1000)=0 best=44/8192 (rA=13913,rB=42208)
[rcrand] 10800/30000 pairs; clones=0 partial(>1000)=0 best=44/8192 (rA=13913,rB=42208)
[rcrand] 11000/30000 pairs; clones=0 partial(>1000)=0 best=44/8192 (rA=13913,rB=42208)
[rcrand] 11200/30000 pairs; clones=0 partial(>1000)=0 best=44/8192 (rA=13913,rB=42208)
[rcrand] 11400/30000 pairs; clones=0 partial(>1000)=0 best=44/8192 (rA=13913,rB=42208)
[rcrand] 11600/30000 pairs; clones=0 partial(>1000)=0 best=44/8192 (rA=13913,rB=42208)
[rcrand] 11800/30000 pairs; clones=0 partial(>1000)=0 best=44/8192 (rA=13913,rB=42208)
[rcrand] 12000/30000 pairs; clones=0 partial(>1000)=0 best=44/8192 (rA=13913,rB=42208)
[rcrand] 12200/30000 pairs; clones=0 partial(>1000)=0 best=44/8192 (rA=13913,rB=42208)
[rcrand] 12400/30000 pairs; clones=0 partial(>1000)=0 best=44/8192 (rA=13913,rB=42208)
[rcrand] 12600/30000 pairs; clones=0 partial(>1000)=0 best=44/8192 (rA=13913,rB=42208)
[rcrand] 12800/30000 pairs; clones=0 partial(>1000)=0 best=44/8192 (rA=13913,rB=42208)
[rcrand] 13000/30000 pairs; clones=0 partial(>1000)=0 best=44/8192 (rA=13913,rB=42208)
[rcrand] 13200/30000 pairs; clones=0 partial(>1000)=0 best=44/8192 (rA=13913,rB=42208)
[rcrand] 13400/30000 pairs; clones=0 partial(>1000)=0 best=44/8192 (rA=13913,rB=42208)
[rcrand] 13600/30000 pairs; clones=0 partial(>1000)=0 best=44/8192 (rA=13913,rB=42208)
[rcrand] 13800/30000 pairs; clones=0 partial(>1000)=0 best=44/8192 (rA=13913,rB=42208)
[rcrand] 14000/30000 pairs; clones=0 partial(>1000)=0 best=44/8192 (rA=13913,rB=42208)
[rcrand] 14200/30000 pairs; clones=0 partial(>1000)=0 best=44/8192 (rA=13913,rB=42208)
[rcrand] 14400/30000 pairs; clones=0 partial(>1000)=0 best=44/8192 (rA=13913,rB=42208)
[rcrand] 14600/30000 pairs; clones=0 partial(>1000)=0 best=44/8192 (rA=13913,rB=42208)
[rcrand] 14800/30000 pairs; clones=0 partial(>1000)=0 best=44/8192 (rA=13913,rB=42208)
[rcrand] 15000/30000 pairs; clones=0 partial(>1000)=0 best=44/8192 (rA=13913,rB=42208)
[rcrand] 15200/30000 pairs; clones=0 partial(>1000)=0 best=44/8192 (rA=13913,rB=42208)
[rcrand] 15400/30000 pairs; clones=0 partial(>1000)=0 best=44/8192 (rA=13913,rB=42208)
[rcrand] 15600/30000 pairs; clones=0 partial(>1000)=0 best=44/8192 (rA=13913,rB=42208)
[rcrand] 15800/30000 pairs; clones=0 partial(>1000)=0 best=44/8192 (rA=13913,rB=42208)
[rcrand] 16000/30000 pairs; clones=0 partial(>1000)=0 best=44/8192 (rA=13913,rB=42208)
[rcrand] 16200/30000 pairs; clones=0 partial(>1000)=0 best=44/8192 (rA=13913,rB=42208)
[rcrand] 16400/30000 pairs; clones=0 partial(>1000)=0 best=44/8192 (rA=13913,rB=42208)
[rcrand] 16600/30000 pairs; clones=0 partial(>1000)=0 best=44/8192 (rA=13913,rB=42208)
[rcrand] 16800/30000 pairs; clones=0 partial(>1000)=0 best=44/8192 (rA=13913,rB=42208)
[rcrand] 17000/30000 pairs; clones=0 partial(>1000)=0 best=44/8192 (rA=13913,rB=42208)
[rcrand] 17200/30000 pairs; clones=0 partial(>1000)=0 best=44/8192 (rA=13913,rB=42208)
[rcrand] 17400/30000 pairs; clones=0 partial(>1000)=0 best=44/8192 (rA=13913,rB=42208)
[rcrand] 17600/30000 pairs; clones=0 partial(>1000)=0 best=44/8192 (rA=13913,rB=42208)
[rcrand] 17800/30000 pairs; clones=0 partial(>1000)=0 best=44/8192 (rA=13913,rB=42208)
[rcrand] 18000/30000 pairs; clones=0 partial(>1000)=0 best=44/8192 (rA=13913,rB=42208)
[rcrand] 18200/30000 pairs; clones=0 partial(>1000)=0 best=44/8192 (rA=13913,rB=42208)
[rcrand] 18400/30000 pairs; clones=0 partial(>1000)=0 best=44/8192 (rA=13913,rB=42208)
[rcrand] 18600/30000 pairs; clones=0 partial(>1000)=0 best=44/8192 (rA=13913,rB=42208)
[rcrand] 18800/30000 pairs; clones=0 partial(>1000)=0 best=44/8192 (rA=13913,rB=42208)
[rcrand] 19000/30000 pairs; clones=0 partial(>1000)=0 best=44/8192 (rA=13913,rB=42208)
[rcrand] 19200/30000 pairs; clones=0 partial(>1000)=0 best=44/8192 (rA=13913,rB=42208)
[rcrand] 19400/30000 pairs; clones=0 partial(>1000)=0 best=44/8192 (rA=13913,rB=42208)
[rcrand] 19600/30000 pairs; clones=0 partial(>1000)=0 best=44/8192 (rA=13913,rB=42208)
[rcrand] 19800/30000 pairs; clones=0 partial(>1000)=0 best=44/8192 (rA=13913,rB=42208)
[rcrand] 20000/30000 pairs; clones=0 partial(>1000)=0 best=44/8192 (rA=13913,rB=42208)
[rcrand] 20200/30000 pairs; clones=0 partial(>1000)=0 best=44/8192 (rA=13913,rB=42208)
[rcrand] 20400/30000 pairs; clones=0 partial(>1000)=0 best=44/8192 (rA=13913,rB=42208)
[rcrand] 20600/30000 pairs; clones=0 partial(>1000)=0 best=44/8192 (rA=13913,rB=42208)
[rcrand] 20800/30000 pairs; clones=0 partial(>1000)=0 best=44/8192 (rA=13913,rB=42208)
[rcrand] 21000/30000 pairs; clones=0 partial(>1000)=0 best=44/8192 (rA=13913,rB=42208)
[rcrand] 21200/30000 pairs; clones=0 partial(>1000)=0 best=44/8192 (rA=13913,rB=42208)
[rcrand] 21400/30000 pairs; clones=0 partial(>1000)=0 best=44/8192 (rA=13913,rB=42208)
[rcrand] 21600/30000 pairs; clones=0 partial(>1000)=0 best=44/8192 (rA=13913,rB=42208)
[rcrand] 21800/30000 pairs; clones=0 partial(>1000)=0 best=44/8192 (rA=13913,rB=42208)
[rcrand] 22000/30000 pairs; clones=0 partial(>1000)=0 best=44/8192 (rA=13913,rB=42208)
[rcrand] 22200/30000 pairs; clones=0 partial(>1000)=0 best=44/8192 (rA=13913,rB=42208)
[rcrand] 22400/30000 pairs; clones=0 partial(>1000)=0 best=44/8192 (rA=13913,rB=42208)
[rcrand] 22600/30000 pairs; clones=0 partial(>1000)=0 best=44/8192 (rA=13913,rB=42208)
[rcrand] 22800/30000 pairs; clones=0 partial(>1000)=0 best=44/8192 (rA=13913,rB=42208)
[rcrand] 23000/30000 pairs; clones=0 partial(>1000)=0 best=44/8192 (rA=13913,rB=42208)
[rcrand] 23200/30000 pairs; clones=0 partial(>1000)=0 best=44/8192 (rA=13913,rB=42208)
[rcrand] 23400/30000 pairs; clones=0 partial(>1000)=0 best=44/8192 (rA=13913,rB=42208)
[rcrand] 23600/30000 pairs; clones=0 partial(>1000)=0 best=44/8192 (rA=13913,rB=42208)
[rcrand] 23800/30000 pairs; clones=0 partial(>1000)=0 best=44/8192 (rA=13913,rB=42208)
[rcrand] 24000/30000 pairs; clones=0 partial(>1000)=0 best=44/8192 (rA=13913,rB=42208)
[rcrand] 24200/30000 pairs; clones=0 partial(>1000)=0 best=44/8192 (rA=13913,rB=42208)
[rcrand] 24400/30000 pairs; clones=0 partial(>1000)=0 best=44/8192 (rA=13913,rB=42208)
[rcrand] 24600/30000 pairs; clones=0 partial(>1000)=0 best=44/8192 (rA=13913,rB=42208)
[rcrand] 24800/30000 pairs; clones=0 partial(>1000)=0 best=44/8192 (rA=13913,rB=42208)
[rcrand] 25000/30000 pairs; clones=0 partial(>1000)=0 best=44/8192 (rA=13913,rB=42208)
[rcrand] 25200/30000 pairs; clones=0 partial(>1000)=0 best=44/8192 (rA=13913,rB=42208)
[rcrand] 25400/30000 pairs; clones=0 partial(>1000)=0 best=44/8192 (rA=13913,rB=42208)
[rcrand] 25600/30000 pairs; clones=0 partial(>1000)=0 best=44/8192 (rA=13913,rB=42208)
[rcrand] 25800/30000 pairs; clones=0 partial(>1000)=0 best=44/8192 (rA=13913,rB=42208)
[rcrand] 26000/30000 pairs; clones=0 partial(>1000)=0 best=44/8192 (rA=13913,rB=42208)
[rcrand] 26200/30000 pairs; clones=0 partial(>1000)=0 best=44/8192 (rA=13913,rB=42208)
[rcrand] 26400/30000 pairs; clones=0 partial(>1000)=0 best=44/8192 (rA=13913,rB=42208)
[rcrand] 26600/30000 pairs; clones=0 partial(>1000)=0 best=44/8192 (rA=13913,rB=42208)
[rcrand] 26800/30000 pairs; clones=0 partial(>1000)=0 best=44/8192 (rA=13913,rB=42208)
[rcrand] 27000/30000 pairs; clones=0 partial(>1000)=0 best=44/8192 (rA=13913,rB=42208)
[rcrand] 27200/30000 pairs; clones=0 partial(>1000)=0 best=44/8192 (rA=13913,rB=42208)
[rcrand] 27400/30000 pairs; clones=0 partial(>1000)=0 best=44/8192 (rA=13913,rB=42208)
[rcrand] 27600/30000 pairs; clones=0 partial(>1000)=0 best=44/8192 (rA=13913,rB=42208)
[rcrand] 27800/30000 pairs; clones=0 partial(>1000)=0 best=44/8192 (rA=13913,rB=42208)
[rcrand] 28000/30000 pairs; clones=0 partial(>1000)=0 best=44/8192 (rA=13913,rB=42208)
[rcrand] 28200/30000 pairs; clones=0 partial(>1000)=0 best=44/8192 (rA=13913,rB=42208)
[rcrand] 28400/30000 pairs; clones=0 partial(>1000)=0 best=44/8192 (rA=13913,rB=42208)
[rcrand] 28600/30000 pairs; clones=0 partial(>1000)=0 best=44/8192 (rA=13913,rB=42208)
[rcrand] 28800/30000 pairs; clones=0 partial(>1000)=0 best=44/8192 (rA=13913,rB=42208)
[rcrand] 29000/30000 pairs; clones=0 partial(>1000)=0 best=44/8192 (rA=13913,rB=42208)
[rcrand] 29200/30000 pairs; clones=0 partial(>1000)=0 best=45/8192 (rA=31456,rB=42164)
[rcrand] 29400/30000 pairs; clones=0 partial(>1000)=0 best=45/8192 (rA=31456,rB=42164)
[rcrand] 29600/30000 pairs; clones=0 partial(>1000)=0 best=45/8192 (rA=31456,rB=42164)
[rcrand] 29800/30000 pairs; clones=0 partial(>1000)=0 best=45/8192 (rA=31456,rB=42164)
[rcrand] 30000/30000 pairs; clones=0 partial(>1000)=0 best=45/8192 (rA=31456,rB=42164)
[rcrand] DONE 30000 pairs: full-clones=0 partial(>1000)=0 BEST=45/8192 at rA=31456 rB=42164
[rcrand] NO INTERACTION — no two random rows charge-share (no PUD)
