[mvdram-pim] OP#1 tensor=blk.31.ffn_gate.weight type=q4_0 K=4096 M=11008 repack=8 r=8 handles=1 load=0.72s gemv=144.1s int-exact=10988/11008 (99.8183%) max|err|=5464 mean|err|=2.0775 plane_density=0.251 route=c2(dst=CPU)
[mvdram-pim] OP#2 tensor=blk.1.ffn_gate.weight type=q4_0 K=4096 M=11008 repack=8 r=8 handles=1 load=0.64s gemv=289.4s int-exact=10983/11008 (99.7729%) max|err|=38432 mean|err|=10.2365 plane_density=0.500 route=c2(dst=CPU)
[mvdram-pim] OP#3 tensor=blk.4.ffn_down.weight type=q4_0 K=11008 M=4096 repack=8 r=8 handles=1 load=0.71s gemv=677.7s int-exact=4089/4096 (99.8291%) max|err|=23042 mean|err|=5.8311 plane_density=0.435 route=c2(dst=CPU)
[mvdram-pim] OP#4 tensor=blk.8.attn_v.weight type=q4_0 K=4096 M=4096 repack=8 r=8 handles=1 load=0.25s gemv=278.6s int-exact=4090/4096 (99.8535%) max|err|=65536 mean|err|=16.7964 plane_density=0.483 route=c2(dst=CPU)
[mvdram-pim] OP#5 tensor=blk.11.attn_output.weight type=q4_0 K=4096 M=4096 repack=8 r=8 handles=1 load=0.26s gemv=276.7s int-exact=4090/4096 (99.8535%) max|err|=9456 mean|err|=5.6279 plane_density=0.495 route=c2(dst=CPU)
[mvdram-pim] OP#6 tensor=blk.14.ffn_up.weight type=q4_0 K=4096 M=11008 repack=8 r=8 handles=1 load=0.64s gemv=280.9s int-exact=10986/11008 (99.8001%) max|err|=35764 mean|err|=6.8239 plane_density=0.491 route=c2(dst=CPU)
[mvdram-pim] OP#7 tensor=blk.18.attn_q.weight type=q4_0 K=4096 M=4096 repack=8 r=8 handles=1 load=0.26s gemv=276.7s int-exact=4092/4096 (99.9023%) max|err|=4168 mean|err|=1.2832 plane_density=0.488 route=c2(dst=CPU)
[mvdram-pim] OP#8 tensor=blk.21.attn_k.weight type=q4_0 K=4096 M=4096 repack=8 r=8 handles=1 load=0.25s gemv=281.0s int-exact=4092/4096 (99.9023%) max|err|=10314 mean|err|=2.9370 plane_density=0.496 route=c2(dst=CPU)
[mvdram-pim] OP#9 tensor=blk.24.ffn_gate.weight type=q4_0 K=4096 M=11008 repack=8 r=8 handles=1 load=0.64s gemv=289.5s int-exact=10984/11008 (99.7820%) max|err|=12910 mean|err|=6.0190 plane_density=0.503 route=c2(dst=CPU)
[mvdram-pim] OP#10 tensor=blk.27.ffn_down.weight type=q4_0 K=11008 M=4096 repack=8 r=8 handles=1 load=0.72s gemv=576.3s int-exact=4090/4096 (99.8535%) max|err|=4850 mean|err|=1.9136 plane_density=0.371 route=c2(dst=CPU)
[mvdram-pim] OP#11 tensor=blk.31.attn_v.weight type=q4_0 K=4096 M=4096 repack=8 r=8 handles=1 load=0.25s gemv=276.5s int-exact=4093/4096 (99.9268%) max|err|=2131 mean|err|=0.9548 plane_density=0.486 route=c2(dst=CPU)
[mvdram-pim] OP#12 tensor=blk.2.attn_k.weight type=q4_0 K=4096 M=4096 repack=8 r=8 handles=1 load=0.26s gemv=269.5s int-exact=4091/4096 (99.8779%) max|err|=5392 mean|err|=2.9082 plane_density=0.473 route=c2(dst=CPU)
[mvdram-pim] OP#13 tensor=blk.5.ffn_gate.weight type=q4_0 K=4096 M=11008 repack=8 r=8 handles=1 load=0.64s gemv=292.6s int-exact=10984/11008 (99.7820%) max|err|=64644 mean|err|=10.2894 plane_density=0.504 route=c2(dst=CPU)
[mvdram-pim] OP#14 tensor=blk.8.ffn_down.weight type=q4_0 K=11008 M=4096 repack=8 r=8 handles=1 load=0.71s gemv=577.1s int-exact=4090/4096 (99.8535%) max|err|=11520 mean|err|=5.7146 plane_density=0.373 route=c2(dst=CPU)
[mvdram-pim] OP#15 tensor=blk.12.attn_v.weight type=q4_0 K=4096 M=4096 repack=8 r=8 handles=1 load=0.25s gemv=274.9s int-exact=4089/4096 (99.8291%) max|err|=8842 mean|err|=3.8792 plane_density=0.484 route=c2(dst=CPU)
[mvdram-pim] OP#16 tensor=blk.15.attn_output.weight type=q4_0 K=4096 M=4096 repack=8 r=8 handles=1 load=0.26s gemv=259.9s int-exact=4092/4096 (99.9023%) max|err|=3849 mean|err|=1.3792 plane_density=0.454 route=c2(dst=CPU)
[mvdram-pim] OP#17 tensor=blk.18.ffn_up.weight type=q4_0 K=4096 M=11008 repack=8 r=8 handles=1 load=0.64s gemv=289.1s int-exact=10985/11008 (99.7911%) max|err|=205608 mean|err|=24.8599 plane_density=0.502 route=c2(dst=CPU)
[mvdram-pim] OP#18 tensor=blk.22.attn_q.weight type=q4_0 K=4096 M=4096 repack=8 r=8 handles=1 load=0.27s gemv=282.0s int-exact=4089/4096 (99.8291%) max|err|=2046 mean|err|=0.8765 plane_density=0.488 route=c2(dst=CPU)
[mvdram-pim] OP#19 tensor=blk.25.attn_k.weight type=q4_0 K=4096 M=4096 repack=8 r=8 handles=1 load=0.26s gemv=276.5s int-exact=4092/4096 (99.9023%) max|err|=4582 mean|err|=2.1753 plane_density=0.478 route=c2(dst=CPU)
[mvdram-pim] OP#20 tensor=blk.28.ffn_gate.weight type=q4_0 K=4096 M=11008 repack=8 r=8 handles=1 load=0.64s gemv=287.9s int-exact=10985/11008 (99.7911%) max|err|=10000 mean|err|=2.5260 plane_density=0.498 route=c2(dst=CPU)
[mvdram-pim] OP#21 tensor=blk.31.ffn_down.weight type=q4_0 K=11008 M=4096 repack=8 r=8 handles=1 load=0.71s gemv=543.0s int-exact=4089/4096 (99.8291%) max|err|=18066 mean|err|=7.2122 plane_density=0.349 route=c2(dst=CPU)
[mvdram-pim] OP#22 tensor=blk.3.attn_q.weight type=q4_0 K=4096 M=4096 repack=8 r=8 handles=1 load=0.25s gemv=279.7s int-exact=4092/4096 (99.9023%) max|err|=972 mean|err|=0.4912 plane_density=0.480 route=c2(dst=CPU)
[mvdram-pim] OP#23 tensor=blk.6.attn_k.weight type=q4_0 K=4096 M=4096 repack=8 r=8 handles=1 load=0.26s gemv=276.6s int-exact=4092/4096 (99.9023%) max|err|=13384 mean|err|=4.2578 plane_density=0.481 route=c2(dst=CPU)
[mvdram-pim] OP#24 tensor=blk.9.ffn_gate.weight type=q4_0 K=4096 M=11008 repack=8 r=8 handles=1 load=0.64s gemv=280.9s int-exact=10985/11008 (99.7911%) max|err|=32296 mean|err|=11.1578 plane_density=0.493 route=c2(dst=CPU)
