[platform] BITSTREAM_IMEM in effect: 2048 (compile-time default)
[platform] PIM_RECV_TIMEOUT_MS in effect: 15000
[sel-t] k t12 t23  full-set%  fired-members%  (trials)
[sel-t] 1   5  1    100.0      100.0      (4)
[sel-t] 1   5  2    100.0      100.0      (4)
[sel-t] 1  10  1    100.0      100.0      (4)
[sel-t] 1  10  2    100.0      100.0      (4)
[sel-t] 1  20  1    100.0      100.0      (4)
[sel-t] 1  20  2    100.0      100.0      (4)
[sel-t] 1  30  1    100.0      100.0      (4)
[sel-t] 1  30  2    100.0      100.0      (4)
[sel-t] 2   5  1    100.0      100.0      (4)
[sel-t] 2   5  2    100.0      100.0      (4)
[sel-t] 2  10  1    100.0      100.0      (4)
[sel-t] 2  10  2    100.0      100.0      (4)
[sel-t] 2  20  1    100.0      100.0      (4)
[sel-t] 2  20  2    100.0      100.0      (4)
[sel-t] 2  30  1    100.0      100.0      (4)
[sel-t] 2  30  2    100.0      100.0      (4)
[sel-t] 3   5  1     75.0       85.7      (4)
[sel-t] 3   5  2     75.0       85.7      (4)
[sel-t] 3  10  1     75.0       85.7      (4)
[sel-t] 3  10  2     75.0       85.7      (4)
[sel-t] 3  20  1     75.0       85.7      (4)
[sel-t] 3  20  2     75.0       85.7      (4)
[sel-t] 3  30  1     75.0       85.7      (4)
[sel-t] 3  30  2     75.0       85.7      (4)
[sel-t] 4   5  1     25.0       60.0      (4)
[sel-t] 4   5  2     25.0       60.0      (4)
[sel-t] 4  10  1     25.0       60.0      (4)
[sel-t] 4  10  2     25.0       60.0      (4)
[sel-t] 4  20  1     25.0       60.0      (4)
[sel-t] 4  20  2     25.0       60.0      (4)
[sel-t] 4  30  1     25.0       60.0      (4)
[sel-t] 4  30  2     25.0       60.0      (4)
[sel-t] 5   5  1      0.0       35.5      (4)
[sel-t] 5   5  2      0.0       35.5      (4)
[sel-t] 5  10  1      0.0       35.5      (4)
[sel-t] 5  10  2      0.0       35.5      (4)
[sel-t] 5  20  1      0.0       35.5      (4)
[sel-t] 5  20  2      0.0       35.5      (4)
[sel-t] 5  30  1      0.0       35.5      (4)
[sel-t] 5  30  2      0.0       35.5      (4)
