[platform] BITSTREAM_IMEM in effect: 2048 (compile-time default)
[platform] PIM_RECV_TIMEOUT_MS in effect: 15000
[sel-t] k t12 t23  full-set%  fired-members%  (trials)
[sel-t] 1   5  1     83.3       83.3      (6)
[sel-t] 1   5  2     83.3       83.3      (6)
[sel-t] 1  10  1     83.3       83.3      (6)
[sel-t] 1  10  2     83.3       83.3      (6)
[sel-t] 1  20  1     83.3       83.3      (6)
[sel-t] 1  20  2     83.3       83.3      (6)
[sel-t] 1  30  1     83.3       83.3      (6)
[sel-t] 1  30  2     83.3       83.3      (6)
[sel-t] 2   5  1     16.7       38.9      (6)
[sel-t] 2   5  2     16.7       38.9      (6)
[sel-t] 2  10  1     16.7       38.9      (6)
[sel-t] 2  10  2     16.7       38.9      (6)
[sel-t] 2  20  1      0.0       27.8      (6)
[sel-t] 2  20  2      0.0       27.8      (6)
[sel-t] 2  30  1      0.0       27.8      (6)
[sel-t] 2  30  2      0.0       27.8      (6)
[sel-t] 3   5  1      0.0       14.3      (6)
[sel-t] 3   5  2      0.0       14.3      (6)
[sel-t] 3  10  1      0.0       14.3      (6)
[sel-t] 3  10  2      0.0       14.3      (6)
[sel-t] 3  20  1      0.0        4.8      (6)
[sel-t] 3  20  2      0.0        4.8      (6)
[sel-t] 3  30  1      0.0        4.8      (6)
[sel-t] 3  30  2      0.0        4.8      (6)
[sel-t] 4   5  1      0.0        5.6      (6)
[sel-t] 4   5  2      0.0        5.6      (6)
[sel-t] 4  10  1      0.0        5.6      (6)
[sel-t] 4  10  2      0.0        5.6      (6)
[sel-t] 4  20  1      0.0        3.3      (6)
[sel-t] 4  20  2      0.0        3.3      (6)
[sel-t] 4  30  1      0.0        3.3      (6)
[sel-t] 4  30  2      0.0        3.3      (6)
[sel-t] 5   5  1      0.0        1.1      (6)
[sel-t] 5   5  2      0.0        1.1      (6)
[sel-t] 5  10  1      0.0        1.1      (6)
[sel-t] 5  10  2      0.0        1.1      (6)
[sel-t] 5  20  1      0.0        0.5      (6)
[sel-t] 5  20  2      0.0        0.5      (6)
[sel-t] 5  30  1      0.0        0.5      (6)
[sel-t] 5  30  2      0.0        0.5      (6)
