[bnet] PIM config: PIM_USE_LOAD_WEIGHTS=1, banks=0,1,2,3, layout=pool_layout_dimm2_bank{bank}.txt
[bnet] loading microsoft/bitnet-b1.58-2B-4T (cache=/home/deni/bitnet_weights)
You don't have a GPU available to load the model, the inference will be slow because of weight unpacking
[bnet] loaded in 5.3s (2.41B params)
[bnet] PIM-substituting 210/210 BitLinears = 100.0% of model BitLinears (LM head + embeddings stay in PyTorch — that's the irreducible non-BitLinear ~5%)
[pim] substituted layer 0.self_attn.q_proj (2560 → 2560)
[pim] substituted layer 0.self_attn.k_proj (2560 → 640)
[pim] substituted layer 0.self_attn.v_proj (2560 → 640)
[pim] substituted layer 0.self_attn.o_proj (2560 → 2560)
[pim] substituted layer 0.mlp.gate_proj (2560 → 6912)
[pim] substituted layer 0.mlp.up_proj (2560 → 6912)
[pim] substituted layer 0.mlp.down_proj (6912 → 2560)
[pim] substituted layer 1.self_attn.q_proj (2560 → 2560)
[pim] substituted layer 1.self_attn.k_proj (2560 → 640)
[pim] substituted layer 1.self_attn.v_proj (2560 → 640)
[pim] substituted layer 1.self_attn.o_proj (2560 → 2560)
[pim] substituted layer 1.mlp.gate_proj (2560 → 6912)
[pim] substituted layer 1.mlp.up_proj (2560 → 6912)
[pim] substituted layer 1.mlp.down_proj (6912 → 2560)
[pim] substituted layer 2.self_attn.q_proj (2560 → 2560)
[pim] substituted layer 2.self_attn.k_proj (2560 → 640)
[pim] substituted layer 2.self_attn.v_proj (2560 → 640)
[pim] substituted layer 2.self_attn.o_proj (2560 → 2560)
[pim] substituted layer 2.mlp.gate_proj (2560 → 6912)
[pim] substituted layer 2.mlp.up_proj (2560 → 6912)
[pim] substituted layer 2.mlp.down_proj (6912 → 2560)
[pim] substituted layer 3.self_attn.q_proj (2560 → 2560)
[pim] substituted layer 3.self_attn.k_proj (2560 → 640)
[pim] substituted layer 3.self_attn.v_proj (2560 → 640)
[pim] substituted layer 3.self_attn.o_proj (2560 → 2560)
[pim] substituted layer 3.mlp.gate_proj (2560 → 6912)
[pim] substituted layer 3.mlp.up_proj (2560 → 6912)
[pim] substituted layer 3.mlp.down_proj (6912 → 2560)
[pim] substituted layer 4.self_attn.q_proj (2560 → 2560)
[pim] substituted layer 4.self_attn.k_proj (2560 → 640)
[pim] substituted layer 4.self_attn.v_proj (2560 → 640)
[pim] substituted layer 4.self_attn.o_proj (2560 → 2560)
[pim] substituted layer 4.mlp.gate_proj (2560 → 6912)
[pim] substituted layer 4.mlp.up_proj (2560 → 6912)
[pim] substituted layer 4.mlp.down_proj (6912 → 2560)
[pim] substituted layer 5.self_attn.q_proj (2560 → 2560)
[pim] substituted layer 5.self_attn.k_proj (2560 → 640)
[pim] substituted layer 5.self_attn.v_proj (2560 → 640)
[pim] substituted layer 5.self_attn.o_proj (2560 → 2560)
[pim] substituted layer 5.mlp.gate_proj (2560 → 6912)
[pim] substituted layer 5.mlp.up_proj (2560 → 6912)
[pim] substituted layer 5.mlp.down_proj (6912 → 2560)
[pim] substituted layer 6.self_attn.q_proj (2560 → 2560)
[pim] substituted layer 6.self_attn.k_proj (2560 → 640)
[pim] substituted layer 6.self_attn.v_proj (2560 → 640)
[pim] substituted layer 6.self_attn.o_proj (2560 → 2560)
[pim] substituted layer 6.mlp.gate_proj (2560 → 6912)
[pim] substituted layer 6.mlp.up_proj (2560 → 6912)
[pim] substituted layer 6.mlp.down_proj (6912 → 2560)
[pim] substituted layer 7.self_attn.q_proj (2560 → 2560)
[pim] substituted layer 7.self_attn.k_proj (2560 → 640)
[pim] substituted layer 7.self_attn.v_proj (2560 → 640)
[pim] substituted layer 7.self_attn.o_proj (2560 → 2560)
[pim] substituted layer 7.mlp.gate_proj (2560 → 6912)
[pim] substituted layer 7.mlp.up_proj (2560 → 6912)
[pim] substituted layer 7.mlp.down_proj (6912 → 2560)
[pim] substituted layer 8.self_attn.q_proj (2560 → 2560)
[pim] substituted layer 8.self_attn.k_proj (2560 → 640)
[pim] substituted layer 8.self_attn.v_proj (2560 → 640)
[pim] substituted layer 8.self_attn.o_proj (2560 → 2560)
[pim] substituted layer 8.mlp.gate_proj (2560 → 6912)
[pim] substituted layer 8.mlp.up_proj (2560 → 6912)
[pim] substituted layer 8.mlp.down_proj (6912 → 2560)
[pim] substituted layer 9.self_attn.q_proj (2560 → 2560)
[pim] substituted layer 9.self_attn.k_proj (2560 → 640)
[pim] substituted layer 9.self_attn.v_proj (2560 → 640)
[pim] substituted layer 9.self_attn.o_proj (2560 → 2560)
[pim] substituted layer 9.mlp.gate_proj (2560 → 6912)
[pim] substituted layer 9.mlp.up_proj (2560 → 6912)
[pim] substituted layer 9.mlp.down_proj (6912 → 2560)
[pim] substituted layer 10.self_attn.q_proj (2560 → 2560)
[pim] substituted layer 10.self_attn.k_proj (2560 → 640)
[pim] substituted layer 10.self_attn.v_proj (2560 → 640)
[pim] substituted layer 10.self_attn.o_proj (2560 → 2560)
[pim] substituted layer 10.mlp.gate_proj (2560 → 6912)
[pim] substituted layer 10.mlp.up_proj (2560 → 6912)
[pim] substituted layer 10.mlp.down_proj (6912 → 2560)
[pim] substituted layer 11.self_attn.q_proj (2560 → 2560)
[pim] substituted layer 11.self_attn.k_proj (2560 → 640)
[pim] substituted layer 11.self_attn.v_proj (2560 → 640)
[pim] substituted layer 11.self_attn.o_proj (2560 → 2560)
[pim] substituted layer 11.mlp.gate_proj (2560 → 6912)
[pim] substituted layer 11.mlp.up_proj (2560 → 6912)
[pim] substituted layer 11.mlp.down_proj (6912 → 2560)
[pim] substituted layer 12.self_attn.q_proj (2560 → 2560)
[pim] substituted layer 12.self_attn.k_proj (2560 → 640)
[pim] substituted layer 12.self_attn.v_proj (2560 → 640)
[pim] substituted layer 12.self_attn.o_proj (2560 → 2560)
[pim] substituted layer 12.mlp.gate_proj (2560 → 6912)
[pim] substituted layer 12.mlp.up_proj (2560 → 6912)
[pim] substituted layer 12.mlp.down_proj (6912 → 2560)
[pim] substituted layer 13.self_attn.q_proj (2560 → 2560)
[pim] substituted layer 13.self_attn.k_proj (2560 → 640)
[pim] substituted layer 13.self_attn.v_proj (2560 → 640)
[pim] substituted layer 13.self_attn.o_proj (2560 → 2560)
[pim] substituted layer 13.mlp.gate_proj (2560 → 6912)
[pim] substituted layer 13.mlp.up_proj (2560 → 6912)
[pim] substituted layer 13.mlp.down_proj (6912 → 2560)
[pim] substituted layer 14.self_attn.q_proj (2560 → 2560)
[pim] substituted layer 14.self_attn.k_proj (2560 → 640)
[pim] substituted layer 14.self_attn.v_proj (2560 → 640)
[pim] substituted layer 14.self_attn.o_proj (2560 → 2560)
[pim] substituted layer 14.mlp.gate_proj (2560 → 6912)
[pim] substituted layer 14.mlp.up_proj (2560 → 6912)
[pim] substituted layer 14.mlp.down_proj (6912 → 2560)
[pim] substituted layer 15.self_attn.q_proj (2560 → 2560)
[pim] substituted layer 15.self_attn.k_proj (2560 → 640)
[pim] substituted layer 15.self_attn.v_proj (2560 → 640)
[pim] substituted layer 15.self_attn.o_proj (2560 → 2560)
[pim] substituted layer 15.mlp.gate_proj (2560 → 6912)
[pim] substituted layer 15.mlp.up_proj (2560 → 6912)
[pim] substituted layer 15.mlp.down_proj (6912 → 2560)
[pim] substituted layer 16.self_attn.q_proj (2560 → 2560)
[pim] substituted layer 16.self_attn.k_proj (2560 → 640)
[pim] substituted layer 16.self_attn.v_proj (2560 → 640)
[pim] substituted layer 16.self_attn.o_proj (2560 → 2560)
[pim] substituted layer 16.mlp.gate_proj (2560 → 6912)
[pim] substituted layer 16.mlp.up_proj (2560 → 6912)
[pim] substituted layer 16.mlp.down_proj (6912 → 2560)
[pim] substituted layer 17.self_attn.q_proj (2560 → 2560)
[pim] substituted layer 17.self_attn.k_proj (2560 → 640)
[pim] substituted layer 17.self_attn.v_proj (2560 → 640)
[pim] substituted layer 17.self_attn.o_proj (2560 → 2560)
[pim] substituted layer 17.mlp.gate_proj (2560 → 6912)
[pim] substituted layer 17.mlp.up_proj (2560 → 6912)
[pim] substituted layer 17.mlp.down_proj (6912 → 2560)
[pim] substituted layer 18.self_attn.q_proj (2560 → 2560)
[pim] substituted layer 18.self_attn.k_proj (2560 → 640)
[pim] substituted layer 18.self_attn.v_proj (2560 → 640)
[pim] substituted layer 18.self_attn.o_proj (2560 → 2560)
[pim] substituted layer 18.mlp.gate_proj (2560 → 6912)
[pim] substituted layer 18.mlp.up_proj (2560 → 6912)
[pim] substituted layer 18.mlp.down_proj (6912 → 2560)
[pim] substituted layer 19.self_attn.q_proj (2560 → 2560)
[pim] substituted layer 19.self_attn.k_proj (2560 → 640)
[pim] substituted layer 19.self_attn.v_proj (2560 → 640)
[pim] substituted layer 19.self_attn.o_proj (2560 → 2560)
[pim] substituted layer 19.mlp.gate_proj (2560 → 6912)
[pim] substituted layer 19.mlp.up_proj (2560 → 6912)
[pim] substituted layer 19.mlp.down_proj (6912 → 2560)
[pim] substituted layer 20.self_attn.q_proj (2560 → 2560)
[pim] substituted layer 20.self_attn.k_proj (2560 → 640)
[pim] substituted layer 20.self_attn.v_proj (2560 → 640)
[pim] substituted layer 20.self_attn.o_proj (2560 → 2560)
[pim] substituted layer 20.mlp.gate_proj (2560 → 6912)
[pim] substituted layer 20.mlp.up_proj (2560 → 6912)
[pim] substituted layer 20.mlp.down_proj (6912 → 2560)
[pim] substituted layer 21.self_attn.q_proj (2560 → 2560)
[pim] substituted layer 21.self_attn.k_proj (2560 → 640)
[pim] substituted layer 21.self_attn.v_proj (2560 → 640)
[pim] substituted layer 21.self_attn.o_proj (2560 → 2560)
[pim] substituted layer 21.mlp.gate_proj (2560 → 6912)
[pim] substituted layer 21.mlp.up_proj (2560 → 6912)
[pim] substituted layer 21.mlp.down_proj (6912 → 2560)
[pim] substituted layer 22.self_attn.q_proj (2560 → 2560)
[pim] substituted layer 22.self_attn.k_proj (2560 → 640)
[pim] substituted layer 22.self_attn.v_proj (2560 → 640)
[pim] substituted layer 22.self_attn.o_proj (2560 → 2560)
[pim] substituted layer 22.mlp.gate_proj (2560 → 6912)
[pim] substituted layer 22.mlp.up_proj (2560 → 6912)
[pim] substituted layer 22.mlp.down_proj (6912 → 2560)
[pim] substituted layer 23.self_attn.q_proj (2560 → 2560)
[pim] substituted layer 23.self_attn.k_proj (2560 → 640)
[pim] substituted layer 23.self_attn.v_proj (2560 → 640)
[pim] substituted layer 23.self_attn.o_proj (2560 → 2560)
[pim] substituted layer 23.mlp.gate_proj (2560 → 6912)
[pim] substituted layer 23.mlp.up_proj (2560 → 6912)
[pim] substituted layer 23.mlp.down_proj (6912 → 2560)
[pim] substituted layer 24.self_attn.q_proj (2560 → 2560)
[pim] substituted layer 24.self_attn.k_proj (2560 → 640)
[pim] substituted layer 24.self_attn.v_proj (2560 → 640)
[pim] substituted layer 24.self_attn.o_proj (2560 → 2560)
[pim] substituted layer 24.mlp.gate_proj (2560 → 6912)
[pim] substituted layer 24.mlp.up_proj (2560 → 6912)
[pim] substituted layer 24.mlp.down_proj (6912 → 2560)
[pim] substituted layer 25.self_attn.q_proj (2560 → 2560)
[pim] substituted layer 25.self_attn.k_proj (2560 → 640)
[pim] substituted layer 25.self_attn.v_proj (2560 → 640)
[pim] substituted layer 25.self_attn.o_proj (2560 → 2560)
[pim] substituted layer 25.mlp.gate_proj (2560 → 6912)
[pim] substituted layer 25.mlp.up_proj (2560 → 6912)
[pim] substituted layer 25.mlp.down_proj (6912 → 2560)
[pim] substituted layer 26.self_attn.q_proj (2560 → 2560)
[pim] substituted layer 26.self_attn.k_proj (2560 → 640)
[pim] substituted layer 26.self_attn.v_proj (2560 → 640)
[pim] substituted layer 26.self_attn.o_proj (2560 → 2560)
[pim] substituted layer 26.mlp.gate_proj (2560 → 6912)
[pim] substituted layer 26.mlp.up_proj (2560 → 6912)
[pim] substituted layer 26.mlp.down_proj (6912 → 2560)
[pim] substituted layer 27.self_attn.q_proj (2560 → 2560)
[pim] substituted layer 27.self_attn.k_proj (2560 → 640)
[pim] substituted layer 27.self_attn.v_proj (2560 → 640)
[pim] substituted layer 27.self_attn.o_proj (2560 → 2560)
[pim] substituted layer 27.mlp.gate_proj (2560 → 6912)
[pim] substituted layer 27.mlp.up_proj (2560 → 6912)
[pim] substituted layer 27.mlp.down_proj (6912 → 2560)
[pim] substituted layer 28.self_attn.q_proj (2560 → 2560)
[pim] substituted layer 28.self_attn.k_proj (2560 → 640)
[pim] substituted layer 28.self_attn.v_proj (2560 → 640)
[pim] substituted layer 28.self_attn.o_proj (2560 → 2560)
[pim] substituted layer 28.mlp.gate_proj (2560 → 6912)
[pim] substituted layer 28.mlp.up_proj (2560 → 6912)
[pim] substituted layer 28.mlp.down_proj (6912 → 2560)
[pim] substituted layer 29.self_attn.q_proj (2560 → 2560)
[pim] substituted layer 29.self_attn.k_proj (2560 → 640)
[pim] substituted layer 29.self_attn.v_proj (2560 → 640)
[pim] substituted layer 29.self_attn.o_proj (2560 → 2560)
[pim] substituted layer 29.mlp.gate_proj (2560 → 6912)
[pim] substituted layer 29.mlp.up_proj (2560 → 6912)
[pim] substituted layer 29.mlp.down_proj (6912 → 2560)
[pim] 210 projections now run on PIM (server)

[bnet] user: 'What is the capital of France?'
[bnet] 24 input tokens, generating up to 8...
The following generation flags are not valid and may be ignored: ['temperature', 'top_p']. Set `TRANSFORMERS_VERBOSITY=info` for more details.
