# bank=1 s_id=72 pool=294 window=[45313,45951) tuple_rows=1053

## Phase A — shadow supply census (k=1 single-unit offsets)
  d=1    pairs=133
  d=2    pairs=61
  d=4    pairs=72
  d=6    pairs=81
  d=8    pairs=56
  d=16   pairs=60
  d=24   pairs=62
  d=32   pairs=75
  d=64   pairs=80
  d=96   pairs=60
  d=128  pairs=60
  d=256  pairs=0
  d=384  pairs=1
  TOTAL k=1 pairs=801  sources_covered=269/294 (91.5%)
  k=3 all-clear cosets=1  k=4 all-clear=0 (none)
Opened /dev/xdma0_h2c_2 -> 3
Opened /dev/xdma0_c2h_2 -> 4
Successfully reset the FPGA!

## Phase B — source retention across deposit reuse (aref off)
[platform] BITSTREAM_IMEM in effect: 8192 (env override)
[platform] PIM_RECV_TIMEOUT_MS in effect: 30000
  t=  0s dst_mism=0 src_mism=0
  t= 10s dst_mism=0 src_mism=0
  t= 30s dst_mism=2 src_mism=2
  t= 60s dst_mism=3 src_mism=3
  t=120s dst_mism=13 src_mism=13

## Phase C — deposit chain SRC -(10,2)-> DST -(30,1)-> PROBE
  chain: 45321 -> 45320 -> 45322
  t=00 probe_mism=0 dst_mism=0 src_mism=0 OK
  t=01 probe_mism=0 dst_mism=0 src_mism=0 OK
  t=02 probe_mism=0 dst_mism=0 src_mism=0 OK
  t=03 probe_mism=0 dst_mism=0 src_mism=0 OK
  t=04 probe_mism=0 dst_mism=0 src_mism=0 OK
  t=05 probe_mism=0 dst_mism=0 src_mism=0 OK
  t=06 probe_mism=0 dst_mism=0 src_mism=0 OK
  t=07 probe_mism=0 dst_mism=0 src_mism=0 OK
  t=08 probe_mism=0 dst_mism=0 src_mism=0 OK
  t=09 probe_mism=0 dst_mism=0 src_mism=0 OK
  chain verdict: CLEAN (0/10 bad)

## Phase D — N scratch loads: ONE burst program vs 3N pcwrite programs
  burst size N=32 (distinct-row pairs)
  armA: 32 loads = 96 programs, 144608 insts, 9.53 ms total (0.298 ms/load)
  armB: 32 loads = 1 program (358 insts), 0.083 ms total (0.0026 ms/load)
  ratio: wall 114.4x, insts 403.9x  worst_target_mism=0 ALL_EXACT

[g2] DONE
