# bank=1 s_id=77 pool=348 window=[38401,39039) tuple_rows=883

## Phase A — shadow supply census (k=1 single-unit offsets)
  d=1    pairs=92
  d=2    pairs=49
  d=4    pairs=51
  d=6    pairs=59
  d=8    pairs=48
  d=16   pairs=66
  d=24   pairs=64
  d=32   pairs=56
  d=64   pairs=51
  d=96   pairs=58
  d=128  pairs=33
  d=256  pairs=34
  d=384  pairs=33
  d=512  pairs=0
  TOTAL k=1 pairs=694  sources_covered=256/348 (73.6%)
  k=3 all-clear cosets=7  k=4 all-clear=0 (none)
Opened /dev/xdma0_h2c_0 -> 3
Opened /dev/xdma0_c2h_0 -> 4
Successfully reset the FPGA!

## Phase A2 — per-offset deposit verify (1 pair each)
[platform] BITSTREAM_IMEM in effect: 8192 (env override)
[platform] PIM_RECV_TIMEOUT_MS in effect: 30000
  d=1    38403->38402 dst_mism=0 src_mism=0
  d=2    38469->38471 dst_mism=0 src_mism=0
  d=4    38436->38432 dst_mism=0 src_mism=0
  d=6    38436->38434 dst_mism=0 src_mism=0
  d=8    38401->38409 dst_mism=0 src_mism=0
  d=16   38425->38409 dst_mism=0 src_mism=0
  d=24   38417->38409 dst_mism=0 src_mism=0
  d=32   38401->38433 dst_mism=0 src_mism=0
  d=64   38497->38433 dst_mism=0 src_mism=0
  d=96   38436->38468 dst_mism=0 src_mism=0
  d=128  38436->38564 dst_mism=0 src_mism=0
  d=256  38439->38695 dst_mism=0 src_mism=0
  d=384  38439->38823 dst_mism=0 src_mism=0
  d=512  (no pair)

## Phase B — source retention across deposit reuse (aref off)
  t=  0s dst_mism=0 src_mism=0
  t= 10s dst_mism=0 src_mism=0

## Phase C — deposit chain SRC -(10,2)-> DST -(30,1)-> PROBE
  chain: 38405 -> 38404 -> 38406
  t=00 probe_mism=0 dst_mism=0 src_mism=0 OK
  t=01 probe_mism=0 dst_mism=0 src_mism=0 OK
  t=02 probe_mism=0 dst_mism=0 src_mism=0 OK
  t=03 probe_mism=0 dst_mism=0 src_mism=0 OK
  t=04 probe_mism=0 dst_mism=0 src_mism=0 OK
  t=05 probe_mism=0 dst_mism=0 src_mism=0 OK
  t=06 probe_mism=0 dst_mism=0 src_mism=0 OK
  t=07 probe_mism=0 dst_mism=0 src_mism=0 OK
  t=08 probe_mism=0 dst_mism=0 src_mism=0 OK
  t=09 probe_mism=0 dst_mism=0 src_mism=0 OK
  chain verdict: CLEAN (0/10 bad)

## Phase E — k=3 fan-out (d=385, 1 op -> 7 targets), 10 trials
  t=00 worst_of_7_mism=0 src_mism=0 OK
  t=01 worst_of_7_mism=0 src_mism=0 OK
  t=02 worst_of_7_mism=0 src_mism=0 OK
  t=03 worst_of_7_mism=0 src_mism=0 OK
  t=04 worst_of_7_mism=0 src_mism=0 OK
  t=05 worst_of_7_mism=0 src_mism=0 OK
  t=06 worst_of_7_mism=0 src_mism=0 OK
  t=07 worst_of_7_mism=0 src_mism=0 OK
  t=08 worst_of_7_mism=0 src_mism=0 OK
  t=09 worst_of_7_mism=0 src_mism=0 OK
  k=3 verdict: CLEAN (0/10 bad)

[g2] DONE (fast mode: phase D skipped)
